PS C:\samurai\TEST\git_challenge> git add git_challenge.txt
fatal: pathspec 'git_challenge.txt' did not match any files
PS C:\samurai\TEST\git_challenge> git add hello_world.txt
PS C:\samurai\TEST\git_challenge> git commit -m "hello_world.txtを追加"
[main (root-commit) c7eec45] 最初のコミット
 1 file changed, 1 insertion(+)
 create mode 100644 hello_world.txt
PS C:\samurai\TEST\git_challenge> git add hello_world.txt
PS C:\samurai\TEST\git_challenge> git commit -m "日本語訳を追記"
[main f4823d4] 日本語訳を追記
 1 file changed, 2 insertions(+), 1 deletion(-)
PS C:\samurai\TEST\git_challenge> git log --oneline
f4823d4 (HEAD -> main) 日本語訳を追記
c7eec45 hello_world.txtを追加
